warning: in the working copy of 'ProjectSettings/AudioManager.asset', LF will be replaced by CRLF the next time Git touches it
warning: in the working copy of 'ProjectSettings/ClusterInputManager.asset', LF will be replaced by CRLF the next time Git touches it
warning: in the working copy of 'ProjectSettings/EditorBuildSettings.asset', LF will be replaced by CRLF the next time Git touches it
warning: in the working copy of 'ProjectSettings/EditorSettings.asset', LF will be replaced by CRLF the next time Git touches it
warning: in the working copy of 'ProjectSettings/GraphicsSettings.asset', LF will be replaced by CRLF the next time Git touches it
warning: in the working copy of 'ProjectSettings/InputManager.asset', LF will be replaced by CRLF the next time Git touches it
warning: in the working copy of 'ProjectSettings/MemorySettings.asset', LF will be replaced by CRLF the next time Git touches it
warning: in the working copy of 'ProjectSettings/NavMeshAreas.asset', LF will be replaced by CRLF the next time Git touches it
warning: in the working copy of 'ProjectSettings/PackageManagerSettings.asset', LF will be replaced by CRLF the next time Git touches it
warning: in the working copy of 'ProjectSettings/Packages/com.unity.learn.iet-framework/Settings.json', LF will be replaced by CRLF the next time Git touches it
warning: in the working copy of 'ProjectSettings/Packages/com.unity.testtools.codecoverage/Settings.json', LF will be replaced by CRLF the next time Git touches it
warning: in the working copy of 'ProjectSettings/Physics2DSettings.asset', LF will be replaced by CRLF the next time Git touches it
warning: in the working copy of 'ProjectSettings/PresetManager.asset', LF will be replaced by CRLF the next time Git touches it
warning: in the working copy of 'ProjectSettings/ProjectSettings.asset', LF will be replaced by CRLF the next time Git touches it
warning: in the working copy of 'ProjectSettings/ProjectVersion.txt', LF will be replaced by CRLF the next time Git touches it
warning: in the working copy of 'ProjectSettings/QualitySettings.asset', LF will be replaced by CRLF the next time Git touches it
warning: in the working copy of 'ProjectSettings/SceneTemplateSettings.json', LF will be replaced by CRLF the next time Git touches it
warning: in the working copy of 'ProjectSettings/ShaderGraphSettings.asset', LF will be replaced by CRLF the next time Git touches it
warning: in the working copy of 'ProjectSettings/TagManager.asset', LF will be replaced by CRLF the next time Git touches it
warning: in the working copy of 'ProjectSettings/TimeManager.asset', LF will be replaced by CRLF the next time Git touches it
warning: in the working copy of 'ProjectSettings/TimelineSettings.asset', LF will be replaced by CRLF the next time Git touches it
warning: in the working copy of 'ProjectSettings/URPProjectSettings.asset', LF will be replaced by CRLF the next time Git touches it
warning: in the working copy of 'ProjectSettings/UnityConnectSettings.asset', LF will be replaced by CRLF the next time Git touches it
warning: in the working copy of 'ProjectSettings/VFXManager.asset', LF will be replaced by CRLF the next time Git touches it
warning: in the working copy of 'ProjectSettings/VersionControlSettings.asset', LF will be replaced by CRLF the next time Git touches it
warning: in the working copy of 'ProjectSettings/XRPackageSettings.asset', LF will be replaced by CRLF the next time Git touches it
warning: in the working copy of 'ProjectSettings/XRSettings.asset', LF will be replaced by CRLF the next time Git touches it
